Microsoft Windows [Version 10.0.17134.765]
(c) 2018 Microsoft Corporation. All rights reserved.

C:\Users\T11641.Training20>cd desktop

C:\Users\T11641.Training20\Desktop>cd nueva

C:\Users\T11641.Training20\Desktop\Nueva>git log
fatal: your current branch 'master' does not have any commits yet

C:\Users\T11641.Training20\Desktop\Nueva>gkt
'gkt' is not recognized as an internal or external command,
operable program or batch file.

C:\Users\T11641.Training20\Desktop\Nueva>
C:\Users\T11641.Training20\Desktop\Nueva>git config index.html

C:\Users\T11641.Training20\Desktop\Nueva>git status
On branch master

No commits yet

nothing to commit (create/copy files and use "git add" to track)

C:\Users\T11641.Training20\Desktop\Nueva>git add index.html
fatal: pathspec 'index.html' did not match any files

C:\Users\T11641.Training20\Desktop\Nueva>git status
On branch master

No commits yet

nothing to commit (create/copy files and use "git add" to track)

C:\Users\T11641.Training20\Desktop\Nueva>git commit
On branch master

Initial commit

nothing to commit

C:\Users\T11641.Training20\Desktop\Nueva>git init
Reinitialized existing Git repository in C:/Users/T11641.Training20/Desktop/Nueva/.git/

C:\Users\T11641.Training20\Desktop\Nueva>git config --local user.name "IldiBustamante"

C:\Users\T11641.Training20\Desktop\Nueva>git config --local user.email "ild.sweet@hotmail.com"

C:\Users\T11641.Training20\Desktop\Nueva>git status
On branch master

No commits yet

nothing to commit (create/copy files and use "git add" to track)

C:\Users\T11641.Training20\Desktop\Nueva>git log --oneline --all

C:\Users\T11641.Training20\Desktop\Nueva>git status
On branch master

No commits yet

nothing to commit (create/copy files and use "git add" to track)

C:\Users\T11641.Training20\Desktop\Nueva>code ./

C:\Users\T11641.Training20\Desktop\Nueva>git add .

C:\Users\T11641.Training20\Desktop\Nueva>git status
On branch master

No commits yet

Changes to be committed:
  (use "git rm --cached <file>..." to unstage)

        new file:   estilos.css
        new file:   index.html
        new file:   script.js


C:\Users\T11641.Training20\Desktop\Nueva>git commit
[master (root-commit) e463254] creo todos los archivos
 3 files changed, 0 insertions(+), 0 deletions(-)
 create mode 100644 estilos.css
 create mode 100644 index.html
 create mode 100644 script.js

C:\Users\T11641.Training20\Desktop\Nueva>git status
On branch master
Changes not staged for commit:
  (use "git add <file>..." to update what will be committed)
  (use "git checkout -- <file>..." to discard changes in working directory)

        modified:   estilos.css
        modified:   index.html

no changes added to commit (use "git add" and/or "git commit -a")

C:\Users\T11641.Training20\Desktop\Nueva>git status
On branch master
Changes not staged for commit:
  (use "git add <file>..." to update what will be committed)
  (use "git checkout -- <file>..." to discard changes in working directory)

        modified:   estilos.css
        modified:   index.html
        modified:   script.js

no changes added to commit (use "git add" and/or "git commit -a")

C:\Users\T11641.Training20\Desktop\Nueva>git commit -m "sigo agregando cosas"
On branch master
Changes not staged for commit:
        modified:   estilos.css
        modified:   index.html
        modified:   script.js

no changes added to commit

C:\Users\T11641.Training20\Desktop\Nueva>git add .

C:\Users\T11641.Training20\Desktop\Nueva>git status
On branch master
Changes to be committed:
  (use "git reset HEAD <file>..." to unstage)

        modified:   estilos.css
        modified:   index.html
        modified:   script.js


C:\Users\T11641.Training20\Desktop\Nueva>git commit -m "agrego nombres"
[master 605f8bf] agrego nombres
 3 files changed, 25 insertions(+)

C:\Users\T11641.Training20\Desktop\Nueva>git log --oneline --all
605f8bf (HEAD -> master) agrego nombres
e463254 creo todos los archivos

C:\Users\T11641.Training20\Desktop\Nueva>git log
commit 605f8bfcf4238972b58b6eef9fccaffc521957b1 (HEAD -> master)
Author: IldiBustamante <ild.sweet@hotmail.com>
Date:   Wed May 22 20:49:46 2019 -0300

    agrego nombres

commit e463254f2fedfb236f9efeb79e87504b70756240
Author: IldiBustamante <ild.sweet@hotmail.com>
Date:   Wed May 22 19:43:53 2019 -0300

    creo todos los archivos

C:\Users\T11641.Training20\Desktop\Nueva>